

HI-TECH Software PIC LITE Macro Assembler V9.80 build 6738 
                                                                                               Tue Dec 09 19:04:54 2025

HI-TECH Software Omniscient Code Generator (Lite mode) build 6738
     1  0000                     opt subtitle "HI-TECH Software Omniscient Code Generator (Lite mode) build 6738"
     2                           
     3                           opt pagewidth 120
     4                           
     5                           	opt lm
     6                           
     7                           	processor	16F877A
     8                           clrc	macro
     9                           	bcf	3,0
    10  0000                     	endm
    11                           clrz	macro
    12                           	bcf	3,2
    13  0000                     	endm
    14                           setc	macro
    15                           	bsf	3,0
    16  0000                     	endm
    17                           setz	macro
    18                           	bsf	3,2
    19  0000                     	endm
    20                           skipc	macro
    21                           	btfss	3,0
    22  0000                     	endm
    23                           skipz	macro
    24                           	btfss	3,2
    25  0000                     	endm
    26                           skipnc	macro
    27                           	btfsc	3,0
    28  0000                     	endm
    29                           skipnz	macro
    30                           	btfsc	3,2
    31  0000                     	endm
    32  0000                     indf	equ	0
    33  0000                     indf0	equ	0
    34  0002                     pc	equ	2
    35  0002                     pcl	equ	2
    36  0003                     status	equ	3
    37  0004                     fsr	equ	4
    38  0004                     fsr0	equ	4
    39  0001                     c	equ	1
    40  0000                     z	equ	0
    41  000A                     pclath	equ	10
    42                           	FNCALL	_main,_delay
    43                           	FNROOT	_main
    44                           	global	_RB0
    45                           psect	maintext,global,class=CODE,delta=2
    46                           global __pmaintext
    47  07C2                     __pmaintext:
    48  0030                     _RB0	set	48
    49                           	global	_TRISB
    50  0086                     _TRISB	set	134
    51                           	file	"1led.c.as"
    52                           	line	#
    53                           psect cinit,class=CODE,delta=2
    54                           global start_initialization
    55  07BE                     start_initialization:
    56                           
    57                           psect cinit,class=CODE,delta=2
    58                           global end_of_initialization
    59                           
    60                           ;End of C runtime variable initialization code
    61                           
    62  07BE                     end_of_initialization:
    63  07BE  0183               clrf status
    64  07BF  120A  118A  2FC2   ljmp _main	;jump to C main() function
    65                           psect	cstackCOMMON,class=COMMON,space=1
    66                           global __pcstackCOMMON
    67  0070                     __pcstackCOMMON:
    68                           	global	?_delay
    69  0070                     ?_delay:	; 0 bytes @ 0x0
    70                           	global	??_delay
    71  0070                     ??_delay:	; 0 bytes @ 0x0
    72                           	global	?_main
    73  0070                     ?_main:	; 0 bytes @ 0x0
    74                           	global	delay@i
    75  0070                     delay@i:	; 2 bytes @ 0x0
    76  0070                     	ds	2
    77                           	global	??_main
    78  0072                     ??_main:	; 0 bytes @ 0x2
    79 ;;Data sizes: Strings 0, constant 0, data 0, bss 0, persistent 0 stack 0
    80 ;;Auto spaces:   Size  Autos    Used
    81 ;; COMMON          14      2       2
    82 ;; BANK0           80      0       0
    83 ;; BANK1           80      0       0
    84 ;; BANK3           96      0       0
    85 ;; BANK2           96      0       0
    86                           
    87 ;;
    88 ;; Pointer list with targets:
    89                           
    90                           
    91                           
    92 ;;
    93 ;; Critical Paths under _main in COMMON
    94 ;;
    95 ;;   _main->_delay
    96 ;;
    97 ;; Critical Paths under _main in BANK0
    98 ;;
    99 ;;   None.
   100 ;;
   101 ;; Critical Paths under _main in BANK1
   102 ;;
   103 ;;   None.
   104 ;;
   105 ;; Critical Paths under _main in BANK3
   106 ;;
   107 ;;   None.
   108 ;;
   109 ;; Critical Paths under _main in BANK2
   110 ;;
   111 ;;   None.
   112                           
   113 ;;
   114 ;;Main: autosize = 0, tempsize = 0, incstack = 0, save=0
   115 ;;
   116                           
   117 ;;
   118 ;;Call Graph Tables:
   119 ;;
   120 ;; ---------------------------------------------------------------------------------
   121 ;; (Depth) Function   	        Calls       Base Space   Used Autos Params    Refs
   122 ;; ---------------------------------------------------------------------------------
   123 ;; (0) _main                                                 0     0      0      30
   124 ;;                              _delay
   125 ;; ---------------------------------------------------------------------------------
   126 ;; (1) _delay                                                2     2      0      30
   127 ;;                                              0 COMMON     2     2      0
   128 ;; ---------------------------------------------------------------------------------
   129 ;; Estimated maximum stack depth 1
   130 ;; ---------------------------------------------------------------------------------
   131                           
   132 ;; Call Graph Graphs:
   133                           
   134 ;; _main (ROOT)
   135 ;;   _delay
   136 ;;
   137                           
   138 ;; Address spaces:
   139                           
   140 ;;Name               Size   Autos  Total    Cost      Usage
   141 ;;BITCOMMON            E      0       0       0        0.0%
   142 ;;EEDATA             100      0       0       0        0.0%
   143 ;;NULL                 0      0       0       0        0.0%
   144 ;;CODE                 0      0       0       0        0.0%
   145 ;;COMMON               E      2       2       1       14.3%
   146 ;;BITSFR0              0      0       0       1        0.0%
   147 ;;SFR0                 0      0       0       1        0.0%
   148 ;;BITSFR1              0      0       0       2        0.0%
   149 ;;SFR1                 0      0       0       2        0.0%
   150 ;;STACK                0      0       1       2        0.0%
   151 ;;ABS                  0      0       0       3        0.0%
   152 ;;BITBANK0            50      0       0       4        0.0%
   153 ;;BITSFR3              0      0       0       4        0.0%
   154 ;;SFR3                 0      0       0       4        0.0%
   155 ;;BANK0               50      0       0       5        0.0%
   156 ;;BITSFR2              0      0       0       5        0.0%
   157 ;;SFR2                 0      0       0       5        0.0%
   158 ;;BITBANK1            50      0       0       6        0.0%
   159 ;;BANK1               50      0       0       7        0.0%
   160 ;;BITBANK3            60      0       0       8        0.0%
   161 ;;BANK3               60      0       0       9        0.0%
   162 ;;BITBANK2            60      0       0      10        0.0%
   163 ;;BANK2               60      0       0      11        0.0%
   164 ;;DATA                 0      0       0      12        0.0%
   165                           
   166                           	global	_main
   167                           psect	maintext
   168                           
   169 ;; *************** function _main *****************
   170 ;; Defined at:
   171 ;;		line 7 in file "C:\keerthu\Pic16f877a_Revision\led_blinking\single_led\1led.c"
   172 ;; Parameters:    Size  Location     Type
   173 ;;		None
   174 ;; Auto vars:     Size  Location     Type
   175 ;;		None
   176 ;; Return value:  Size  Location     Type
   177 ;;		None               void
   178 ;; Registers used:
   179 ;;		wreg, status,2, status,0, btemp+1, pclath, cstack
   180 ;; Tracked objects:
   181 ;;		On entry : 17F/0
   182 ;;		On exit  : 0/0
   183 ;;		Unchanged: 0/0
   184 ;; Data sizes:     COMMON   BANK0   BANK1   BANK3   BANK2
   185 ;;      Params:         0       0       0       0       0
   186 ;;      Locals:         0       0       0       0       0
   187 ;;      Temps:          0       0       0       0       0
   188 ;;      Totals:         0       0       0       0       0
   189 ;;Total ram usage:        0 bytes
   190 ;; Hardware stack levels required when called:    1
   191 ;; This function calls:
   192 ;;		_delay
   193 ;; This function is called by:
   194 ;;		Startup code after reset
   195 ;; This function uses a non-reentrant model
   196 ;;
   197                           psect	maintext
   198                           	file	"C:\keerthu\Pic16f877a_Revision\led_blinking\single_led\1led.c"
   199                           	line	7
   200                           	global	__size_of_main
   201  0016                     	__size_of_main	equ	__end_of_main-_main
   202                           	
   203  07C2                     _main:	
   204                           	opt	stack 7
   205                           ; Regs used in _main: [wreg+status,2+status,0+btemp+1+pclath+cstack]
   206                           	line	8
   207                           	
   208  07C2                     l1731:	
   209                           ;1led.c: 8: TRISB=0X00;
   210  07C2  1683               	bsf	status, 5	;RP0=1, select bank1
   211  07C3  1303               	bcf	status, 6	;RP1=0, select bank1
   212  07C4  0186               	clrf	(134)^080h	;volatile
   213                           	line	9
   214                           	
   215  07C5                     l1733:	
   216                           ;1led.c: 9: RB0=1;
   217  07C5  1283               	bcf	status, 5	;RP0=0, select bank0
   218  07C6  1303               	bcf	status, 6	;RP1=0, select bank0
   219  07C7  1406               	bsf	(48/8),(48)&7
   220                           	line	10
   221                           	
   222  07C8                     l1735:	
   223                           ;1led.c: 10: delay();
   224  07C8  120A  118A  27D8   	fcall	_delay
              120A  118A         
   225                           	line	11
   226                           	
   227  07CD                     l1737:	
   228                           ;1led.c: 11: RB0=0;
   229  07CD  1283               	bcf	status, 5	;RP0=0, select bank0
   230  07CE  1303               	bcf	status, 6	;RP1=0, select bank0
   231  07CF  1006               	bcf	(48/8),(48)&7
   232                           	line	12
   233                           	
   234  07D0                     l1739:	
   235                           ;1led.c: 12: delay();
   236  07D0  120A  118A  27D8   	fcall	_delay
              120A  118A         
   237                           	line	13
   238                           	
   239  07D5                     l561:	
   240                           	global	start
   241  07D5  120A  118A  2800   	ljmp	start
   242                           	opt stack 0
   243                           GLOBAL	__end_of_main
   244  07D8                     	__end_of_main:
   245 ;; =============== function _main ends ============
   246                           
   247                           	signat	_main,88
   248                           	global	_delay
   249                           psect	text55,local,class=CODE,delta=2
   250                           global __ptext55
   251  07D8                     __ptext55:
   252                           
   253 ;; *************** function _delay *****************
   254 ;; Defined at:
   255 ;;		line 15 in file "C:\keerthu\Pic16f877a_Revision\led_blinking\single_led\1led.c"
   256 ;; Parameters:    Size  Location     Type
   257 ;;		None
   258 ;; Auto vars:     Size  Location     Type
   259 ;;  i               2    0[COMMON] int 
   260 ;; Return value:  Size  Location     Type
   261 ;;		None               void
   262 ;; Registers used:
   263 ;;		wreg, btemp+1
   264 ;; Tracked objects:
   265 ;;		On entry : 0/0
   266 ;;		On exit  : 0/0
   267 ;;		Unchanged: 0/0
   268 ;; Data sizes:     COMMON   BANK0   BANK1   BANK3   BANK2
   269 ;;      Params:         0       0       0       0       0
   270 ;;      Locals:         2       0       0       0       0
   271 ;;      Temps:          0       0       0       0       0
   272 ;;      Totals:         2       0       0       0       0
   273 ;;Total ram usage:        2 bytes
   274 ;; Hardware stack levels used:    1
   275 ;; This function calls:
   276 ;;		Nothing
   277 ;; This function is called by:
   278 ;;		_main
   279 ;; This function uses a non-reentrant model
   280 ;;
   281                           psect	text55
   282                           	file	"C:\keerthu\Pic16f877a_Revision\led_blinking\single_led\1led.c"
   283                           	line	15
   284                           	global	__size_of_delay
   285  0028                     	__size_of_delay	equ	__end_of_delay-_delay
   286                           	
   287  07D8                     _delay:	
   288                           	opt	stack 7
   289                           ; Regs used in _delay: [wreg+btemp+1]
   290                           	line	17
   291                           	
   292  07D8                     l935:	
   293                           ;1led.c: 16: int i;
   294                           ;1led.c: 17: for(i=0;i<10000;i++);
   295  07D8  3000               	movlw	low(0)
   296  07D9  00F0               	movwf	(delay@i)
   297  07DA  3000               	movlw	high(0)
   298  07DB  00F1               	movwf	((delay@i))+1
   299                           	
   300  07DC                     l937:	
   301  07DC  0871               	movf	(delay@i+1),w
   302  07DD  3A80               	xorlw	80h
   303  07DE  00FF               	movwf	btemp+1
   304  07DF  30A7               	movlw	(high(02710h))^80h
   305  07E0  027F               	subwf	btemp+1,w
   306  07E1  1D03               	skipz
   307  07E2  2FE5               	goto	u15
   308  07E3  3010               	movlw	low(02710h)
   309  07E4  0270               	subwf	(delay@i),w
   310  07E5                     u15:
   311                           
   312  07E5  1C03               	skipc
   313  07E6  2FE8               	goto	u11
   314  07E7  2FE9               	goto	u10
   315  07E8                     u11:
   316  07E8  2FEB               	goto	l941
   317  07E9                     u10:
   318  07E9  2FFF               	goto	l566
   319                           	
   320  07EA                     l939:	
   321  07EA  2FFF               	goto	l566
   322                           	
   323  07EB                     l564:	
   324                           	
   325  07EB                     l941:	
   326  07EB  3001               	movlw	low(01h)
   327  07EC  07F0               	addwf	(delay@i),f
   328  07ED  1803               	skipnc
   329  07EE  0AF1               	incf	(delay@i+1),f
   330  07EF  3000               	movlw	high(01h)
   331  07F0  07F1               	addwf	(delay@i+1),f
   332                           	
   333  07F1                     l943:	
   334  07F1  0871               	movf	(delay@i+1),w
   335  07F2  3A80               	xorlw	80h
   336  07F3  00FF               	movwf	btemp+1
   337  07F4  30A7               	movlw	(high(02710h))^80h
   338  07F5  027F               	subwf	btemp+1,w
   339  07F6  1D03               	skipz
   340  07F7  2FFA               	goto	u25
   341  07F8  3010               	movlw	low(02710h)
   342  07F9  0270               	subwf	(delay@i),w
   343  07FA                     u25:
   344                           
   345  07FA  1C03               	skipc
   346  07FB  2FFD               	goto	u21
   347  07FC  2FFE               	goto	u20
   348  07FD                     u21:
   349  07FD  2FEB               	goto	l941
   350  07FE                     u20:
   351  07FE  2FFF               	goto	l566
   352                           	
   353  07FF                     l565:	
   354                           	line	18
   355                           	
   356  07FF                     l566:	
   357  07FF  0008               	return
   358                           	opt stack 0
   359                           GLOBAL	__end_of_delay
   360  0800                     	__end_of_delay:
   361 ;; =============== function _delay ends ============
   362                           
   363                           	signat	_delay,88
   364                           psect	text56,local,class=CODE,delta=2
   365                           global __ptext56
   366  0000                     __ptext56:
   367                           	global	btemp
   368  007E                     	btemp set 07Eh
   369                           
   370                           	DABS	1,126,2	;btemp
   371                           	global	wtemp0
   372  007E                     	wtemp0 set btemp


HI-TECH Software PICC Macro Assembler V9.80 build 6738 
Symbol Table                                                                                   Tue Dec 09 19:04:54 2025

                  u10 07E9                    u11 07E8                    u20 07FE                    u21 07FD  
                  u15 07E5                    u25 07FA                   l561 07D5                   l564 07EB  
                 l565 07FF                   l566 07FF                   l941 07EB                   l943 07F1  
                 l935 07D8                   l937 07DC                   l939 07EA                   _RB0 0030  
                l1731 07C2                  l1733 07C5                  l1735 07C8                  l1737 07CD  
                l1739 07D0                  _main 07C2                  btemp 007E                  start 0000  
               ?_main 0070                 _TRISB 0086                 _delay 07D8                 status 0003  
               wtemp0 007E          __end_of_main 07D8                ??_main 0072                ?_delay 0070  
              delay@i 0070        __pcstackCOMMON 0070         __end_of_delay 0800               ??_delay 0070  
          __pmaintext 07C2  end_of_initialization 07BE   start_initialization 07BE        __size_of_delay 0028  
            __ptext55 07D8              __ptext56 0000         __size_of_main 0016  
