

HI-TECH Software PIC LITE Macro Assembler V9.80 build 6738 
                                                                                               Tue Dec 23 15:16:52 2025

HI-TECH Software Omniscient Code Generator (Lite mode) build 6738
     1  0000                     opt subtitle "HI-TECH Software Omniscient Code Generator (Lite mode) build 6738"
     2                           
     3                           opt pagewidth 120
     4                           
     5                           	opt lm
     6                           
     7                           	processor	16F877A
     8                           clrc	macro
     9                           	bcf	3,0
    10  0000                     	endm
    11                           clrz	macro
    12                           	bcf	3,2
    13  0000                     	endm
    14                           setc	macro
    15                           	bsf	3,0
    16  0000                     	endm
    17                           setz	macro
    18                           	bsf	3,2
    19  0000                     	endm
    20                           skipc	macro
    21                           	btfss	3,0
    22  0000                     	endm
    23                           skipz	macro
    24                           	btfss	3,2
    25  0000                     	endm
    26                           skipnc	macro
    27                           	btfsc	3,0
    28  0000                     	endm
    29                           skipnz	macro
    30                           	btfsc	3,2
    31  0000                     	endm
    32  0000                     indf	equ	0
    33  0000                     indf0	equ	0
    34  0002                     pc	equ	2
    35  0002                     pcl	equ	2
    36  0003                     status	equ	3
    37  0004                     fsr	equ	4
    38  0004                     fsr0	equ	4
    39  0001                     c	equ	1
    40  0000                     z	equ	0
    41  000A                     pclath	equ	10
    42                           	FNCALL	_main,_SPI_Init
    43                           	FNCALL	_main,_EEPROM_Write
    44                           	FNCALL	_EEPROM_Write,_SPI_Transfer
    45                           	FNROOT	_main
    46                           	global	_SSPBUF
    47                           psect	text84,local,class=CODE,delta=2
    48                           global __ptext84
    49  0000                     __ptext84:
    50  0013                     _SSPBUF	set	19
    51                           	global	_SSPCON
    52  0014                     _SSPCON	set	20
    53                           	global	_RB0
    54  0030                     _RB0	set	48
    55                           	global	_RC0
    56  0038                     _RC0	set	56
    57                           	global	_SSPIF
    58  0063                     _SSPIF	set	99
    59                           	global	_SSPSTAT
    60  0094                     _SSPSTAT	set	148
    61                           	global	_TRISB0
    62  0430                     _TRISB0	set	1072
    63                           	global	_TRISC0
    64  0438                     _TRISC0	set	1080
    65                           	global	_TRISC3
    66  043B                     _TRISC3	set	1083
    67                           	global	_TRISC4
    68  043C                     _TRISC4	set	1084
    69                           	global	_TRISC5
    70  043D                     _TRISC5	set	1085
    71                           	file	"spi1slave.as"
    72                           	line	#
    73                           psect cinit,class=CODE,delta=2
    74                           global start_initialization
    75  078F                     start_initialization:
    76                           
    77                           psect cinit,class=CODE,delta=2
    78                           global end_of_initialization
    79                           
    80                           ;End of C runtime variable initialization code
    81                           
    82  078F                     end_of_initialization:
    83  078F  0183               clrf status
    84  0790  120A  118A  2FD9   ljmp _main	;jump to C main() function
    85                           psect	cstackCOMMON,class=COMMON,space=1
    86                           global __pcstackCOMMON
    87  0070                     __pcstackCOMMON:
    88                           	global	?_SPI_Init
    89  0070                     ?_SPI_Init:	; 0 bytes @ 0x0
    90                           	global	??_SPI_Init
    91  0070                     ??_SPI_Init:	; 0 bytes @ 0x0
    92                           	global	??_SPI_Transfer
    93  0070                     ??_SPI_Transfer:	; 0 bytes @ 0x0
    94                           	global	?_main
    95  0070                     ?_main:	; 0 bytes @ 0x0
    96                           	global	?_SPI_Transfer
    97  0070                     ?_SPI_Transfer:	; 1 bytes @ 0x0
    98                           	global	SPI_Transfer@data
    99  0070                     SPI_Transfer@data:	; 1 bytes @ 0x0
   100  0070                     	ds	1
   101                           	global	?_EEPROM_Write
   102  0071                     ?_EEPROM_Write:	; 0 bytes @ 0x1
   103                           	global	EEPROM_Write@addr
   104  0071                     EEPROM_Write@addr:	; 2 bytes @ 0x1
   105  0071                     	ds	2
   106                           	global	EEPROM_Write@data
   107  0073                     EEPROM_Write@data:	; 1 bytes @ 0x3
   108  0073                     	ds	1
   109                           	global	??_EEPROM_Write
   110  0074                     ??_EEPROM_Write:	; 0 bytes @ 0x4
   111                           	global	??_main
   112  0074                     ??_main:	; 0 bytes @ 0x4
   113  0074                     	ds	1
   114 ;;Data sizes: Strings 0, constant 0, data 0, bss 0, persistent 0 stack 0
   115 ;;Auto spaces:   Size  Autos    Used
   116 ;; COMMON          14      5       5
   117 ;; BANK0           80      0       0
   118 ;; BANK1           80      0       0
   119 ;; BANK3           96      0       0
   120 ;; BANK2           96      0       0
   121                           
   122 ;;
   123 ;; Pointer list with targets:
   124                           
   125                           
   126                           
   127 ;;
   128 ;; Critical Paths under _main in COMMON
   129 ;;
   130 ;;   _main->_EEPROM_Write
   131 ;;   _EEPROM_Write->_SPI_Transfer
   132 ;;
   133 ;; Critical Paths under _main in BANK0
   134 ;;
   135 ;;   None.
   136 ;;
   137 ;; Critical Paths under _main in BANK1
   138 ;;
   139 ;;   None.
   140 ;;
   141 ;; Critical Paths under _main in BANK3
   142 ;;
   143 ;;   None.
   144 ;;
   145 ;; Critical Paths under _main in BANK2
   146 ;;
   147 ;;   None.
   148                           
   149 ;;
   150 ;;Main: autosize = 0, tempsize = 1, incstack = 0, save=0
   151 ;;
   152                           
   153 ;;
   154 ;;Call Graph Tables:
   155 ;;
   156 ;; ---------------------------------------------------------------------------------
   157 ;; (Depth) Function   	        Calls       Base Space   Used Autos Params    Refs
   158 ;; ---------------------------------------------------------------------------------
   159 ;; (0) _main                                                 1     1      0      30
   160 ;;                                              4 COMMON     1     1      0
   161 ;;                           _SPI_Init
   162 ;;                       _EEPROM_Write
   163 ;; ---------------------------------------------------------------------------------
   164 ;; (1) _EEPROM_Write                                         3     0      3      30
   165 ;;                                              1 COMMON     3     0      3
   166 ;;                       _SPI_Transfer
   167 ;; ---------------------------------------------------------------------------------
   168 ;; (2) _SPI_Transfer                                         1     1      0      15
   169 ;;                                              0 COMMON     1     1      0
   170 ;; ---------------------------------------------------------------------------------
   171 ;; (1) _SPI_Init                                             0     0      0       0
   172 ;; ---------------------------------------------------------------------------------
   173 ;; Estimated maximum stack depth 2
   174 ;; ---------------------------------------------------------------------------------
   175                           
   176 ;; Call Graph Graphs:
   177                           
   178 ;; _main (ROOT)
   179 ;;   _SPI_Init
   180 ;;   _EEPROM_Write
   181 ;;     _SPI_Transfer
   182 ;;
   183                           
   184 ;; Address spaces:
   185                           
   186 ;;Name               Size   Autos  Total    Cost      Usage
   187 ;;BITCOMMON            E      0       0       0        0.0%
   188 ;;EEDATA             100      0       0       0        0.0%
   189 ;;NULL                 0      0       0       0        0.0%
   190 ;;CODE                 0      0       0       0        0.0%
   191 ;;COMMON               E      5       5       1       35.7%
   192 ;;BITSFR0              0      0       0       1        0.0%
   193 ;;SFR0                 0      0       0       1        0.0%
   194 ;;BITSFR1              0      0       0       2        0.0%
   195 ;;SFR1                 0      0       0       2        0.0%
   196 ;;STACK                0      0       2       2        0.0%
   197 ;;ABS                  0      0       0       3        0.0%
   198 ;;BITBANK0            50      0       0       4        0.0%
   199 ;;BITSFR3              0      0       0       4        0.0%
   200 ;;SFR3                 0      0       0       4        0.0%
   201 ;;BANK0               50      0       0       5        0.0%
   202 ;;BITSFR2              0      0       0       5        0.0%
   203 ;;SFR2                 0      0       0       5        0.0%
   204 ;;BITBANK1            50      0       0       6        0.0%
   205 ;;BANK1               50      0       0       7        0.0%
   206 ;;BITBANK3            60      0       0       8        0.0%
   207 ;;BANK3               60      0       0       9        0.0%
   208 ;;BITBANK2            60      0       0      10        0.0%
   209 ;;BANK2               60      0       0      11        0.0%
   210 ;;DATA                 0      0       0      12        0.0%
   211                           
   212                           	global	_main
   213                           psect	maintext,global,class=CODE,delta=2
   214                           global __pmaintext
   215  07D9                     __pmaintext:
   216                           
   217 ;; *************** function _main *****************
   218 ;; Defined at:
   219 ;;		line 51 in file "C:\keerthu\Pic16f877a_Revision\Spicommunication\spi1slave.c"
   220 ;; Parameters:    Size  Location     Type
   221 ;;		None
   222 ;; Auto vars:     Size  Location     Type
   223 ;;		None
   224 ;; Return value:  Size  Location     Type
   225 ;;		None               void
   226 ;; Registers used:
   227 ;;		wreg, status,2, status,0, pclath, cstack
   228 ;; Tracked objects:
   229 ;;		On entry : 17F/0
   230 ;;		On exit  : 0/0
   231 ;;		Unchanged: 0/0
   232 ;; Data sizes:     COMMON   BANK0   BANK1   BANK3   BANK2
   233 ;;      Params:         0       0       0       0       0
   234 ;;      Locals:         0       0       0       0       0
   235 ;;      Temps:          1       0       0       0       0
   236 ;;      Totals:         1       0       0       0       0
   237 ;;Total ram usage:        1 bytes
   238 ;; Hardware stack levels required when called:    2
   239 ;; This function calls:
   240 ;;		_SPI_Init
   241 ;;		_EEPROM_Write
   242 ;; This function is called by:
   243 ;;		Startup code after reset
   244 ;; This function uses a non-reentrant model
   245 ;;
   246                           psect	maintext
   247                           	file	"C:\keerthu\Pic16f877a_Revision\Spicommunication\spi1slave.c"
   248                           	line	51
   249                           	global	__size_of_main
   250  0027                     	__size_of_main	equ	__end_of_main-_main
   251                           	
   252  07D9                     _main:	
   253                           	opt	stack 6
   254                           ; Regs used in _main: [wreg+status,2+status,0+pclath+cstack]
   255                           	line	52
   256                           	
   257  07D9                     l1757:	
   258                           ;spi1slave.c: 52: SPI_Init();
   259  07D9  120A  118A  27A2   	fcall	_SPI_Init
              120A  118A         
   260  07DE  2FDF               	goto	l1759
   261                           	line	54
   262                           ;spi1slave.c: 54: while(1)
   263                           	
   264  07DF                     l571:	
   265                           	line	56
   266                           	
   267  07DF                     l1759:	
   268                           ;spi1slave.c: 55: {
   269                           ;spi1slave.c: 56: if(RC0==0)
   270  07DF  1283               	bcf	status, 5	;RP0=0, select bank0
   271  07E0  1303               	bcf	status, 6	;RP1=0, select bank0
   272  07E1  1807               	btfsc	(56/8),(56)&7
   273  07E2  2FE4               	goto	u2151
   274  07E3  2FE5               	goto	u2150
   275  07E4                     u2151:
   276  07E4  2FDF               	goto	l1759
   277  07E5                     u2150:
   278                           	line	58
   279                           	
   280  07E5                     l1761:	
   281                           ;spi1slave.c: 57: {
   282                           ;spi1slave.c: 58: EEPROM_Write(0x0000, 0x41);
   283  07E5  3000               	movlw	low(0)
   284  07E6  00F1               	movwf	(?_EEPROM_Write)
   285  07E7  3000               	movlw	high(0)
   286  07E8  00F2               	movwf	((?_EEPROM_Write))+1
   287  07E9  3041               	movlw	(041h)
   288  07EA  00F4               	movwf	(??_main+0)+0
   289  07EB  0874               	movf	(??_main+0)+0,w
   290  07EC  00F3               	movwf	0+(?_EEPROM_Write)+02h
   291  07ED  120A  118A  27B6   	fcall	_EEPROM_Write
              120A  118A         
   292                           	line	59
   293                           ;spi1slave.c: 59: while(RC0);
   294  07F2  2FF3               	goto	l573
   295                           	
   296  07F3                     l574:	
   297                           	
   298  07F3                     l573:	
   299  07F3  1283               	bcf	status, 5	;RP0=0, select bank0
   300  07F4  1303               	bcf	status, 6	;RP1=0, select bank0
   301  07F5  1807               	btfsc	(56/8),(56)&7
   302  07F6  2FF8               	goto	u2161
   303  07F7  2FF9               	goto	u2160
   304  07F8                     u2161:
   305  07F8  2FF3               	goto	l573
   306  07F9                     u2160:
   307  07F9  2FDF               	goto	l1759
   308                           	
   309  07FA                     l575:	
   310  07FA  2FDF               	goto	l1759
   311                           	line	60
   312                           	
   313  07FB                     l572:	
   314  07FB  2FDF               	goto	l1759
   315                           	line	61
   316                           	
   317  07FC                     l576:	
   318                           	line	54
   319  07FC  2FDF               	goto	l1759
   320                           	
   321  07FD                     l577:	
   322                           	line	62
   323                           	
   324  07FD                     l578:	
   325                           	global	start
   326  07FD  120A  118A  2800   	ljmp	start
   327                           	opt stack 0
   328                           GLOBAL	__end_of_main
   329  0800                     	__end_of_main:
   330 ;; =============== function _main ends ============
   331                           
   332                           	signat	_main,88
   333                           	global	_EEPROM_Write
   334                           psect	text85,local,class=CODE,delta=2
   335                           global __ptext85
   336  07B6                     __ptext85:
   337                           
   338 ;; *************** function _EEPROM_Write *****************
   339 ;; Defined at:
   340 ;;		line 34 in file "C:\keerthu\Pic16f877a_Revision\Spicommunication\spi1slave.c"
   341 ;; Parameters:    Size  Location     Type
   342 ;;  addr            2    1[COMMON] unsigned int 
   343 ;;  data            1    3[COMMON] unsigned char 
   344 ;; Auto vars:     Size  Location     Type
   345 ;;		None
   346 ;; Return value:  Size  Location     Type
   347 ;;		None               void
   348 ;; Registers used:
   349 ;;		wreg, status,2, status,0, pclath, cstack
   350 ;; Tracked objects:
   351 ;;		On entry : 0/0
   352 ;;		On exit  : 0/0
   353 ;;		Unchanged: 0/0
   354 ;; Data sizes:     COMMON   BANK0   BANK1   BANK3   BANK2
   355 ;;      Params:         3       0       0       0       0
   356 ;;      Locals:         0       0       0       0       0
   357 ;;      Temps:          0       0       0       0       0
   358 ;;      Totals:         3       0       0       0       0
   359 ;;Total ram usage:        3 bytes
   360 ;; Hardware stack levels used:    1
   361 ;; Hardware stack levels required when called:    1
   362 ;; This function calls:
   363 ;;		_SPI_Transfer
   364 ;; This function is called by:
   365 ;;		_main
   366 ;; This function uses a non-reentrant model
   367 ;;
   368                           psect	text85
   369                           	file	"C:\keerthu\Pic16f877a_Revision\Spicommunication\spi1slave.c"
   370                           	line	34
   371                           	global	__size_of_EEPROM_Write
   372  0023                     	__size_of_EEPROM_Write	equ	__end_of_EEPROM_Write-_EEPROM_Write
   373                           	
   374  07B6                     _EEPROM_Write:	
   375                           	opt	stack 6
   376                           ; Regs used in _EEPROM_Write: [wreg+status,2+status,0+pclath+cstack]
   377                           	line	36
   378                           	
   379  07B6                     l1747:	
   380                           ;spi1slave.c: 36: RB0 = 0;
   381  07B6  1283               	bcf	status, 5	;RP0=0, select bank0
   382  07B7  1303               	bcf	status, 6	;RP1=0, select bank0
   383  07B8  1006               	bcf	(48/8),(48)&7
   384                           	line	37
   385                           	
   386  07B9                     l1749:	
   387                           ;spi1slave.c: 37: SPI_Transfer(0x06);
   388  07B9  3006               	movlw	(06h)
   389  07BA  120A  118A  2793   	fcall	_SPI_Transfer
              120A  118A         
   390                           	line	38
   391                           	
   392  07BF                     l1751:	
   393                           ;spi1slave.c: 38: RB0 = 1;
   394  07BF  1283               	bcf	status, 5	;RP0=0, select bank0
   395  07C0  1303               	bcf	status, 6	;RP1=0, select bank0
   396  07C1  1406               	bsf	(48/8),(48)&7
   397                           	line	41
   398                           	
   399  07C2                     l1753:	
   400                           ;spi1slave.c: 41: RB0 = 0;
   401  07C2  1006               	bcf	(48/8),(48)&7
   402                           	line	42
   403                           ;spi1slave.c: 42: SPI_Transfer(0x02);
   404  07C3  3002               	movlw	(02h)
   405  07C4  120A  118A  2793   	fcall	_SPI_Transfer
              120A  118A         
   406                           	line	43
   407                           ;spi1slave.c: 43: SPI_Transfer(0X00);
   408  07C9  3000               	movlw	(0)
   409  07CA  120A  118A  2793   	fcall	_SPI_Transfer
              120A  118A         
   410                           	line	44
   411                           ;spi1slave.c: 44: SPI_Transfer(data);
   412  07CF  0873               	movf	(EEPROM_Write@data),w
   413  07D0  120A  118A  2793   	fcall	_SPI_Transfer
              120A  118A         
   414                           	line	45
   415                           	
   416  07D5                     l1755:	
   417                           ;spi1slave.c: 45: RB0 = 1;
   418  07D5  1283               	bcf	status, 5	;RP0=0, select bank0
   419  07D6  1303               	bcf	status, 6	;RP1=0, select bank0
   420  07D7  1406               	bsf	(48/8),(48)&7
   421                           	line	48
   422                           	
   423  07D8                     l568:	
   424  07D8  0008               	return
   425                           	opt stack 0
   426                           GLOBAL	__end_of_EEPROM_Write
   427  07D9                     	__end_of_EEPROM_Write:
   428 ;; =============== function _EEPROM_Write ends ============
   429                           
   430                           	signat	_EEPROM_Write,8312
   431                           	global	_SPI_Transfer
   432                           psect	text86,local,class=CODE,delta=2
   433                           global __ptext86
   434  0793                     __ptext86:
   435                           
   436 ;; *************** function _SPI_Transfer *****************
   437 ;; Defined at:
   438 ;;		line 26 in file "C:\keerthu\Pic16f877a_Revision\Spicommunication\spi1slave.c"
   439 ;; Parameters:    Size  Location     Type
   440 ;;  data            1    wreg     unsigned char 
   441 ;; Auto vars:     Size  Location     Type
   442 ;;  data            1    0[COMMON] unsigned char 
   443 ;; Return value:  Size  Location     Type
   444 ;;                  1    wreg      unsigned char 
   445 ;; Registers used:
   446 ;;		wreg
   447 ;; Tracked objects:
   448 ;;		On entry : 0/0
   449 ;;		On exit  : 0/0
   450 ;;		Unchanged: 0/0
   451 ;; Data sizes:     COMMON   BANK0   BANK1   BANK3   BANK2
   452 ;;      Params:         0       0       0       0       0
   453 ;;      Locals:         1       0       0       0       0
   454 ;;      Temps:          0       0       0       0       0
   455 ;;      Totals:         1       0       0       0       0
   456 ;;Total ram usage:        1 bytes
   457 ;; Hardware stack levels used:    1
   458 ;; This function calls:
   459 ;;		Nothing
   460 ;; This function is called by:
   461 ;;		_EEPROM_Write
   462 ;; This function uses a non-reentrant model
   463 ;;
   464                           psect	text86
   465                           	file	"C:\keerthu\Pic16f877a_Revision\Spicommunication\spi1slave.c"
   466                           	line	26
   467                           	global	__size_of_SPI_Transfer
   468  000F                     	__size_of_SPI_Transfer	equ	__end_of_SPI_Transfer-_SPI_Transfer
   469                           	
   470  0793                     _SPI_Transfer:	
   471                           	opt	stack 6
   472                           ; Regs used in _SPI_Transfer: [wreg]
   473                           ;SPI_Transfer@data stored from wreg
   474  0793  00F0               	movwf	(SPI_Transfer@data)
   475                           	line	27
   476                           	
   477  0794                     l953:	
   478                           ;spi1slave.c: 27: SSPIF = 0;
   479  0794  1283               	bcf	status, 5	;RP0=0, select bank0
   480  0795  1303               	bcf	status, 6	;RP1=0, select bank0
   481  0796  118C               	bcf	(99/8),(99)&7
   482                           	line	28
   483                           	
   484  0797                     l955:	
   485                           ;spi1slave.c: 28: SSPBUF = data;
   486  0797  0870               	movf	(SPI_Transfer@data),w
   487  0798  0093               	movwf	(19)	;volatile
   488                           	line	29
   489                           ;spi1slave.c: 29: while(!SSPIF);
   490  0799  2F9A               	goto	l562
   491                           	
   492  079A                     l563:	
   493                           	
   494  079A                     l562:	
   495  079A  1D8C               	btfss	(99/8),(99)&7
   496  079B  2F9D               	goto	u11
   497  079C  2F9E               	goto	u10
   498  079D                     u11:
   499  079D  2F9A               	goto	l562
   500  079E                     u10:
   501  079E  2F9F               	goto	l957
   502                           	
   503  079F                     l564:	
   504                           	line	30
   505                           	
   506  079F                     l957:	
   507                           ;spi1slave.c: 30: return SSPBUF;
   508                           ;	Return value of _SPI_Transfer is never used
   509  079F  0813               	movf	(19),w	;volatile
   510  07A0  2FA1               	goto	l565
   511                           	
   512  07A1                     l959:	
   513                           	line	31
   514                           	
   515  07A1                     l565:	
   516  07A1  0008               	return
   517                           	opt stack 0
   518                           GLOBAL	__end_of_SPI_Transfer
   519  07A2                     	__end_of_SPI_Transfer:
   520 ;; =============== function _SPI_Transfer ends ============
   521                           
   522                           	signat	_SPI_Transfer,4217
   523                           	global	_SPI_Init
   524                           psect	text87,local,class=CODE,delta=2
   525                           global __ptext87
   526  07A2                     __ptext87:
   527                           
   528 ;; *************** function _SPI_Init *****************
   529 ;; Defined at:
   530 ;;		line 9 in file "C:\keerthu\Pic16f877a_Revision\Spicommunication\spi1slave.c"
   531 ;; Parameters:    Size  Location     Type
   532 ;;		None
   533 ;; Auto vars:     Size  Location     Type
   534 ;;		None
   535 ;; Return value:  Size  Location     Type
   536 ;;		None               void
   537 ;; Registers used:
   538 ;;		wreg
   539 ;; Tracked objects:
   540 ;;		On entry : 0/0
   541 ;;		On exit  : 0/0
   542 ;;		Unchanged: 0/0
   543 ;; Data sizes:     COMMON   BANK0   BANK1   BANK3   BANK2
   544 ;;      Params:         0       0       0       0       0
   545 ;;      Locals:         0       0       0       0       0
   546 ;;      Temps:          0       0       0       0       0
   547 ;;      Totals:         0       0       0       0       0
   548 ;;Total ram usage:        0 bytes
   549 ;; Hardware stack levels used:    1
   550 ;; This function calls:
   551 ;;		Nothing
   552 ;; This function is called by:
   553 ;;		_main
   554 ;; This function uses a non-reentrant model
   555 ;;
   556                           psect	text87
   557                           	file	"C:\keerthu\Pic16f877a_Revision\Spicommunication\spi1slave.c"
   558                           	line	9
   559                           	global	__size_of_SPI_Init
   560  0014                     	__size_of_SPI_Init	equ	__end_of_SPI_Init-_SPI_Init
   561                           	
   562  07A2                     _SPI_Init:	
   563                           	opt	stack 7
   564                           ; Regs used in _SPI_Init: [wreg]
   565                           	line	10
   566                           	
   567  07A2                     l947:	
   568                           ;spi1slave.c: 10: TRISC3 = 0;
   569  07A2  1683               	bsf	status, 5	;RP0=1, select bank1
   570  07A3  1303               	bcf	status, 6	;RP1=0, select bank1
   571  07A4  1187               	bcf	(1083/8)^080h,(1083)&7
   572                           	line	11
   573                           ;spi1slave.c: 11: TRISC4 = 1;
   574  07A5  1607               	bsf	(1084/8)^080h,(1084)&7
   575                           	line	12
   576                           ;spi1slave.c: 12: TRISC5 = 0;
   577  07A6  1287               	bcf	(1085/8)^080h,(1085)&7
   578                           	line	13
   579                           ;spi1slave.c: 13: TRISC0 = 1;
   580  07A7  1407               	bsf	(1080/8)^080h,(1080)&7
   581                           	line	15
   582                           ;spi1slave.c: 15: TRISB0 = 0;
   583  07A8  1006               	bcf	(1072/8)^080h,(1072)&7
   584                           	line	17
   585                           ;spi1slave.c: 17: RB0 = 1;
   586  07A9  1283               	bcf	status, 5	;RP0=0, select bank0
   587  07AA  1303               	bcf	status, 6	;RP1=0, select bank0
   588  07AB  1406               	bsf	(48/8),(48)&7
   589                           	line	19
   590                           	
   591  07AC                     l949:	
   592                           ;spi1slave.c: 19: SSPSTAT = 0x40;
   593  07AC  3040               	movlw	(040h)
   594  07AD  1683               	bsf	status, 5	;RP0=1, select bank1
   595  07AE  1303               	bcf	status, 6	;RP1=0, select bank1
   596  07AF  0094               	movwf	(148)^080h	;volatile
   597                           	line	20
   598                           ;spi1slave.c: 20: SSPCON = 0x21;
   599  07B0  3021               	movlw	(021h)
   600  07B1  1283               	bcf	status, 5	;RP0=0, select bank0
   601  07B2  1303               	bcf	status, 6	;RP1=0, select bank0
   602  07B3  0094               	movwf	(20)	;volatile
   603                           	line	22
   604                           	
   605  07B4                     l951:	
   606                           ;spi1slave.c: 22: SSPIF = 0;
   607  07B4  118C               	bcf	(99/8),(99)&7
   608                           	line	23
   609                           	
   610  07B5                     l559:	
   611  07B5  0008               	return
   612                           	opt stack 0
   613                           GLOBAL	__end_of_SPI_Init
   614  07B6                     	__end_of_SPI_Init:
   615 ;; =============== function _SPI_Init ends ============
   616                           
   617                           	signat	_SPI_Init,88
   618                           psect	text88,local,class=CODE,delta=2
   619                           global __ptext88
   620  0000                     __ptext88:
   621                           	global	btemp
   622  007E                     	btemp set 07Eh
   623                           
   624                           	DABS	1,126,2	;btemp
   625                           	global	wtemp0
   626  007E                     	wtemp0 set btemp


HI-TECH Software PICC Macro Assembler V9.80 build 6738 
Symbol Table                                                                                   Tue Dec 23 15:16:52 2025

                   u10 079E                     u11 079D                    l562 079A                    l563 079A  
                  l571 07DF                    l564 079F                    l572 07FB                    l565 07A1  
                  l573 07F3                    l574 07F3                    l559 07B5                    l575 07FA  
                  l568 07D8                    l576 07FC                    l577 07FD                    l578 07FD  
                  l951 07B4                    l953 0794                    l947 07A2                    l955 0797  
                  l949 07AC                    l957 079F                    l959 07A1                    _RB0 0030  
                  _RC0 0038           _SPI_Transfer 0793                   l1751 07BF                   l1753 07C2  
                 l1761 07E5                   l1755 07D5                   l1747 07B6                   l1749 07B9  
                 l1757 07D9                   l1759 07DF                   u2150 07E5                   u2151 07E4  
                 u2160 07F9                   u2161 07F8                   _main 07D9                   btemp 007E  
                 start 0000   __end_of_EEPROM_Write 07D9                  ?_main 0070                  _SSPIF 0063  
     __end_of_SPI_Init 07B6                  status 0003                  wtemp0 007E       EEPROM_Write@addr 0071  
     EEPROM_Write@data 0073           __end_of_main 0800                 ??_main 0074                 _TRISB0 0430  
               _TRISC0 0438                 _TRISC3 043B                 _TRISC4 043C                 _TRISC5 043D  
               _SSPCON 0014                 _SSPBUF 0013  __size_of_EEPROM_Write 0023         __pcstackCOMMON 0070  
            ?_SPI_Init 0070           _EEPROM_Write 07B6             __pmaintext 07D9             ??_SPI_Init 0070  
              _SSPSTAT 0094   end_of_initialization 078F          ?_SPI_Transfer 0070      __size_of_SPI_Init 0014  
  start_initialization 078F         ??_SPI_Transfer 0070               _SPI_Init 07A2   __end_of_SPI_Transfer 07A2  
             __ptext84 0000               __ptext85 07B6               __ptext86 0793               __ptext87 07A2  
             __ptext88 0000          ?_EEPROM_Write 0071          __size_of_main 0027         ??_EEPROM_Write 0074  
     SPI_Transfer@data 0070  __size_of_SPI_Transfer 000F  
