

HI-TECH Software PIC LITE Macro Assembler V9.80 build 6738 
                                                                                               Wed Dec 17 17:58:52 2025

HI-TECH Software Omniscient Code Generator (Lite mode) build 6738
     1  0000                     opt subtitle "HI-TECH Software Omniscient Code Generator (Lite mode) build 6738"
     2                           
     3                           opt pagewidth 120
     4                           
     5                           	opt lm
     6                           
     7                           	processor	16F877A
     8                           clrc	macro
     9                           	bcf	3,0
    10  0000                     	endm
    11                           clrz	macro
    12                           	bcf	3,2
    13  0000                     	endm
    14                           setc	macro
    15                           	bsf	3,0
    16  0000                     	endm
    17                           setz	macro
    18                           	bsf	3,2
    19  0000                     	endm
    20                           skipc	macro
    21                           	btfss	3,0
    22  0000                     	endm
    23                           skipz	macro
    24                           	btfss	3,2
    25  0000                     	endm
    26                           skipnc	macro
    27                           	btfsc	3,0
    28  0000                     	endm
    29                           skipnz	macro
    30                           	btfsc	3,2
    31  0000                     	endm
    32  0000                     indf	equ	0
    33  0000                     indf0	equ	0
    34  0002                     pc	equ	2
    35  0002                     pcl	equ	2
    36  0003                     status	equ	3
    37  0004                     fsr	equ	4
    38  0004                     fsr0	equ	4
    39  0001                     c	equ	1
    40  0000                     z	equ	0
    41  000A                     pclath	equ	10
    42                           	FNCALL	_main,_EEPROM_Read
    43                           	FNCALL	_main,_write_to_eeprom
    44                           	FNROOT	_main
    45                           	FNCALL	intlevel1,_ISR
    46                           	global	intlevel1
    47                           	FNROOT	intlevel1
    48                           	global	_eeprom_done
    49                           	global	_PORTB
    50                           psect	text84,local,class=CODE,delta=2
    51                           global __ptext84
    52  0000                     __ptext84:
    53  0006                     _PORTB	set	6
    54                           	global	_EEIF
    55  006C                     _EEIF	set	108
    56                           	global	_GIE
    57  005F                     _GIE	set	95
    58                           	global	_PEIE
    59  005E                     _PEIE	set	94
    60                           	global	_RB0
    61  0030                     _RB0	set	48
    62                           	global	_RB1
    63  0031                     _RB1	set	49
    64                           	global	_TRISB
    65  0086                     _TRISB	set	134
    66                           	global	_EEIE
    67  046C                     _EEIE	set	1132
    68                           	global	_EEADR
    69  010D                     _EEADR	set	269
    70                           	global	_EEDATA
    71  010C                     _EEDATA	set	268
    72                           	global	_EECON2
    73  018D                     _EECON2	set	397
    74                           	global	_EEPGD
    75  0C67                     _EEPGD	set	3175
    76                           	global	_RD
    77  0C60                     _RD	set	3168
    78                           	global	_WR
    79  0C61                     _WR	set	3169
    80                           	global	_WREN
    81  0C62                     _WREN	set	3170
    82                           	file	"eeprom_write.as"
    83                           	line	#
    84                           psect cinit,class=CODE,delta=2
    85                           global start_initialization
    86  00B9                     start_initialization:
    87                           
    88                           psect	bssCOMMON,class=COMMON,space=1
    89                           global __pbssCOMMON
    90  007A                     __pbssCOMMON:
    91  007A                     _eeprom_done:
    92  007A                            ds      1
    93                           
    94                           ; Clear objects allocated to COMMON
    95                           psect cinit,class=CODE,delta=2
    96  00B9  01FA               	clrf	((__pbssCOMMON)+0)&07Fh
    97                           psect cinit,class=CODE,delta=2
    98                           global end_of_initialization
    99                           
   100                           ;End of C runtime variable initialization code
   101                           
   102  00BA                     end_of_initialization:
   103  00BA  0183               clrf status
   104  00BB  120A  118A  2815   ljmp _main	;jump to C main() function
   105                           psect	cstackCOMMON,class=COMMON,space=1
   106                           global __pcstackCOMMON
   107  0070                     __pcstackCOMMON:
   108                           	global	?_ISR
   109  0070                     ?_ISR:	; 0 bytes @ 0x0
   110                           	global	??_ISR
   111  0070                     ??_ISR:	; 0 bytes @ 0x0
   112                           	global	?_EEPROM_Read
   113  0070                     ?_EEPROM_Read:	; 1 bytes @ 0x0
   114                           	global	?_main
   115  0070                     ?_main:	; 2 bytes @ 0x0
   116  0070                     	ds	4
   117                           	global	??_EEPROM_Read
   118  0074                     ??_EEPROM_Read:	; 0 bytes @ 0x4
   119                           	global	?_write_to_eeprom
   120  0074                     ?_write_to_eeprom:	; 0 bytes @ 0x4
   121                           	global	write_to_eeprom@data
   122  0074                     write_to_eeprom@data:	; 1 bytes @ 0x4
   123                           	global	EEPROM_Read@address
   124  0074                     EEPROM_Read@address:	; 1 bytes @ 0x4
   125  0074                     	ds	1
   126                           	global	??_write_to_eeprom
   127  0075                     ??_write_to_eeprom:	; 0 bytes @ 0x5
   128                           	global	write_to_eeprom@address
   129  0075                     write_to_eeprom@address:	; 1 bytes @ 0x5
   130  0075                     	ds	1
   131                           	global	??_main
   132  0076                     ??_main:	; 0 bytes @ 0x6
   133  0076                     	ds	3
   134                           	global	main@value
   135  0079                     main@value:	; 1 bytes @ 0x9
   136  0079                     	ds	1
   137 ;;Data sizes: Strings 0, constant 0, data 0, bss 1, persistent 0 stack 0
   138 ;;Auto spaces:   Size  Autos    Used
   139 ;; COMMON          14     10      11
   140 ;; BANK0           80      0       0
   141 ;; BANK1           80      0       0
   142 ;; BANK3           96      0       0
   143 ;; BANK2           96      0       0
   144                           
   145 ;;
   146 ;; Pointer list with targets:
   147                           
   148                           
   149                           
   150 ;;
   151 ;; Critical Paths under _main in COMMON
   152 ;;
   153 ;;   _main->_write_to_eeprom
   154 ;;
   155 ;; Critical Paths under _ISR in COMMON
   156 ;;
   157 ;;   None.
   158 ;;
   159 ;; Critical Paths under _main in BANK0
   160 ;;
   161 ;;   None.
   162 ;;
   163 ;; Critical Paths under _ISR in BANK0
   164 ;;
   165 ;;   None.
   166 ;;
   167 ;; Critical Paths under _main in BANK1
   168 ;;
   169 ;;   None.
   170 ;;
   171 ;; Critical Paths under _ISR in BANK1
   172 ;;
   173 ;;   None.
   174 ;;
   175 ;; Critical Paths under _main in BANK3
   176 ;;
   177 ;;   None.
   178 ;;
   179 ;; Critical Paths under _ISR in BANK3
   180 ;;
   181 ;;   None.
   182 ;;
   183 ;; Critical Paths under _main in BANK2
   184 ;;
   185 ;;   None.
   186 ;;
   187 ;; Critical Paths under _ISR in BANK2
   188 ;;
   189 ;;   None.
   190                           
   191 ;;
   192 ;;Main: autosize = 0, tempsize = 3, incstack = 0, save=0
   193 ;;
   194                           
   195 ;;
   196 ;;Call Graph Tables:
   197 ;;
   198 ;; ---------------------------------------------------------------------------------
   199 ;; (Depth) Function   	        Calls       Base Space   Used Autos Params    Refs
   200 ;; ---------------------------------------------------------------------------------
   201 ;; (0) _main                                                 4     4      0      60
   202 ;;                                              6 COMMON     4     4      0
   203 ;;                        _EEPROM_Read
   204 ;;                    _write_to_eeprom
   205 ;; ---------------------------------------------------------------------------------
   206 ;; (1) _write_to_eeprom                                      2     1      1      30
   207 ;;                                              4 COMMON     2     1      1
   208 ;; ---------------------------------------------------------------------------------
   209 ;; (1) _EEPROM_Read                                          1     1      0      15
   210 ;;                                              4 COMMON     1     1      0
   211 ;; ---------------------------------------------------------------------------------
   212 ;; Estimated maximum stack depth 1
   213 ;; ---------------------------------------------------------------------------------
   214 ;; (Depth) Function   	        Calls       Base Space   Used Autos Params    Refs
   215 ;; ---------------------------------------------------------------------------------
   216 ;; (2) _ISR                                                  4     4      0       0
   217 ;;                                              0 COMMON     4     4      0
   218 ;; ---------------------------------------------------------------------------------
   219 ;; Estimated maximum stack depth 2
   220 ;; ---------------------------------------------------------------------------------
   221                           
   222 ;; Call Graph Graphs:
   223                           
   224 ;; _main (ROOT)
   225 ;;   _EEPROM_Read
   226 ;;   _write_to_eeprom
   227 ;;
   228 ;; _ISR (ROOT)
   229 ;;
   230                           
   231 ;; Address spaces:
   232                           
   233 ;;Name               Size   Autos  Total    Cost      Usage
   234 ;;BITCOMMON            E      0       0       0        0.0%
   235 ;;EEDATA             100      0       0       0        0.0%
   236 ;;NULL                 0      0       0       0        0.0%
   237 ;;CODE                 0      0       0       0        0.0%
   238 ;;COMMON               E      A       B       1       78.6%
   239 ;;BITSFR0              0      0       0       1        0.0%
   240 ;;SFR0                 0      0       0       1        0.0%
   241 ;;BITSFR1              0      0       0       2        0.0%
   242 ;;SFR1                 0      0       0       2        0.0%
   243 ;;STACK                0      0       1       2        0.0%
   244 ;;ABS                  0      0       B       3        0.0%
   245 ;;BITBANK0            50      0       0       4        0.0%
   246 ;;BITSFR3              0      0       0       4        0.0%
   247 ;;SFR3                 0      0       0       4        0.0%
   248 ;;BANK0               50      0       0       5        0.0%
   249 ;;BITSFR2              0      0       0       5        0.0%
   250 ;;SFR2                 0      0       0       5        0.0%
   251 ;;BITBANK1            50      0       0       6        0.0%
   252 ;;BANK1               50      0       0       7        0.0%
   253 ;;BITBANK3            60      0       0       8        0.0%
   254 ;;BANK3               60      0       0       9        0.0%
   255 ;;BITBANK2            60      0       0      10        0.0%
   256 ;;BANK2               60      0       0      11        0.0%
   257 ;;DATA                 0      0       C      12        0.0%
   258                           
   259                           	global	_main
   260                           psect	maintext,global,class=CODE,delta=2
   261                           global __pmaintext
   262  0015                     __pmaintext:
   263                           
   264 ;; *************** function _main *****************
   265 ;; Defined at:
   266 ;;		line 17 in file "C:\keerthu\Pic16f877a_Revision\EEPROMCodes\write.c"
   267 ;; Parameters:    Size  Location     Type
   268 ;;		None
   269 ;; Auto vars:     Size  Location     Type
   270 ;;  value           1    9[COMMON] unsigned char 
   271 ;; Return value:  Size  Location     Type
   272 ;;                  2  566[COMMON] int 
   273 ;; Registers used:
   274 ;;		wreg, status,2, status,0, pclath, cstack
   275 ;; Tracked objects:
   276 ;;		On entry : 17F/0
   277 ;;		On exit  : 0/0
   278 ;;		Unchanged: 0/0
   279 ;; Data sizes:     COMMON   BANK0   BANK1   BANK3   BANK2
   280 ;;      Params:         0       0       0       0       0
   281 ;;      Locals:         1       0       0       0       0
   282 ;;      Temps:          3       0       0       0       0
   283 ;;      Totals:         4       0       0       0       0
   284 ;;Total ram usage:        4 bytes
   285 ;; Hardware stack levels required when called:    2
   286 ;; This function calls:
   287 ;;		_EEPROM_Read
   288 ;;		_write_to_eeprom
   289 ;; This function is called by:
   290 ;;		Startup code after reset
   291 ;; This function uses a non-reentrant model
   292 ;;
   293                           psect	maintext
   294                           	file	"C:\keerthu\Pic16f877a_Revision\EEPROMCodes\write.c"
   295                           	line	17
   296                           	global	__size_of_main
   297  0065                     	__size_of_main	equ	__end_of_main-_main
   298                           	
   299  0015                     _main:	
   300                           	opt	stack 6
   301                           ; Regs used in _main: [wreg+status,2+status,0+pclath+cstack]
   302                           	line	18
   303                           	
   304  0015                     l1764:	
   305                           ;write.c: 18: PORTB=0X00;
   306  0015  1283               	bcf	status, 5	;RP0=0, select bank0
   307  0016  1303               	bcf	status, 6	;RP1=0, select bank0
   308  0017  0186               	clrf	(6)	;volatile
   309                           	line	19
   310                           ;write.c: 19: TRISB=0X00;
   311  0018  1683               	bsf	status, 5	;RP0=1, select bank1
   312  0019  1303               	bcf	status, 6	;RP1=0, select bank1
   313  001A  0186               	clrf	(134)^080h	;volatile
   314                           	line	24
   315                           	
   316  001B                     l1766:	
   317                           ;write.c: 21: unsigned char value;
   318                           ;write.c: 24: value = EEPROM_Read(0x00);
   319  001B  3000               	movlw	(0)
   320  001C  120A  118A  20AB   	fcall	_EEPROM_Read
              120A  118A         
   321  0021  00F6               	movwf	(??_main+0)+0
   322  0022  0876               	movf	(??_main+0)+0,w
   323  0023  00F9               	movwf	(main@value)
   324                           	line	26
   325                           	
   326  0024                     l1768:	
   327                           ;write.c: 26: if(value>5)
   328  0024  3006               	movlw	(06h)
   329  0025  0279               	subwf	(main@value),w
   330  0026  1C03               	skipc
   331  0027  2829               	goto	u2151
   332  0028  282A               	goto	u2150
   333  0029                     u2151:
   334  0029  2849               	goto	l1776
   335  002A                     u2150:
   336                           	line	28
   337                           	
   338  002A                     l1770:	
   339                           ;write.c: 27: {
   340                           ;write.c: 28: RB0=1;
   341  002A  1283               	bcf	status, 5	;RP0=0, select bank0
   342  002B  1303               	bcf	status, 6	;RP1=0, select bank0
   343  002C  1406               	bsf	(48/8),(48)&7
   344                           	line	29
   345                           	
   346  002D                     l1772:	
   347                           ;write.c: 29: _delay((unsigned long)((1000)*(4000000/4000.0)));
   348                           	opt asmopt_off
   349  002D  3006               movlw  6
   350  002E  00F8               movwf	((??_main+0)+0+2),f
   351  002F  300E               movlw	14
   352  0030  00F7               movwf	((??_main+0)+0+1),f
   353  0031  30B0               	movlw	176
   354  0032  00F6               movwf	((??_main+0)+0),f
   355  0033                     u2177:
   356  0033  0BF6               	decfsz	((??_main+0)+0),f
   357  0034  2833               	goto	u2177
   358  0035  0BF7               	decfsz	((??_main+0)+0+1),f
   359  0036  2833               	goto	u2177
   360  0037  0BF8               	decfsz	((??_main+0)+0+2),f
   361  0038  2833               	goto	u2177
   362                           opt asmopt_on
   363                           
   364                           	line	30
   365                           	
   366  0039                     l1774:	
   367                           ;write.c: 30: RB0=0;
   368  0039  1283               	bcf	status, 5	;RP0=0, select bank0
   369  003A  1303               	bcf	status, 6	;RP1=0, select bank0
   370  003B  1006               	bcf	(48/8),(48)&7
   371                           	line	31
   372                           ;write.c: 31: _delay((unsigned long)((1000)*(4000000/4000.0)));
   373                           	opt asmopt_off
   374  003C  3006               movlw  6
   375  003D  00F8               movwf	((??_main+0)+0+2),f
   376  003E  300E               movlw	14
   377  003F  00F7               movwf	((??_main+0)+0+1),f
   378  0040  30B0               	movlw	176
   379  0041  00F6               movwf	((??_main+0)+0),f
   380  0042                     u2187:
   381  0042  0BF6               	decfsz	((??_main+0)+0),f
   382  0043  2842               	goto	u2187
   383  0044  0BF7               	decfsz	((??_main+0)+0+1),f
   384  0045  2842               	goto	u2187
   385  0046  0BF8               	decfsz	((??_main+0)+0+2),f
   386  0047  2842               	goto	u2187
   387                           opt asmopt_on
   388                           
   389  0048  2849               	goto	l1776
   390                           	line	32
   391                           	
   392  0049                     l567:	
   393                           	line	34
   394                           	
   395  0049                     l1776:	
   396                           ;write.c: 32: }
   397                           ;write.c: 34: write_to_eeprom(0x00,11);
   398  0049  300B               	movlw	(0Bh)
   399  004A  00F6               	movwf	(??_main+0)+0
   400  004B  0876               	movf	(??_main+0)+0,w
   401  004C  00F4               	movwf	(?_write_to_eeprom)
   402  004D  3000               	movlw	(0)
   403  004E  120A  118A  2093   	fcall	_write_to_eeprom
              120A  118A         
   404                           	line	36
   405                           ;write.c: 36: while(!eeprom_done)
   406  0053  2872               	goto	l568
   407                           	
   408  0054                     l569:	
   409                           	line	39
   410                           ;write.c: 37: {
   411                           ;write.c: 39: RB1 = 1;
   412  0054  1283               	bcf	status, 5	;RP0=0, select bank0
   413  0055  1303               	bcf	status, 6	;RP1=0, select bank0
   414  0056  1486               	bsf	(49/8),(49)&7
   415                           	line	40
   416                           	
   417  0057                     l1778:	
   418                           ;write.c: 40: _delay((unsigned long)((200)*(4000000/4000.0)));
   419                           	opt asmopt_off
   420  0057  3002               movlw  2
   421  0058  00F8               movwf	((??_main+0)+0+2),f
   422  0059  3003               movlw	3
   423  005A  00F7               movwf	((??_main+0)+0+1),f
   424  005B  30BA               	movlw	186
   425  005C  00F6               movwf	((??_main+0)+0),f
   426  005D                     u2197:
   427  005D  0BF6               	decfsz	((??_main+0)+0),f
   428  005E  285D               	goto	u2197
   429  005F  0BF7               	decfsz	((??_main+0)+0+1),f
   430  0060  285D               	goto	u2197
   431  0061  0BF8               	decfsz	((??_main+0)+0+2),f
   432  0062  285D               	goto	u2197
   433                           opt asmopt_on
   434                           
   435                           	line	42
   436                           	
   437  0063                     l1780:	
   438                           ;write.c: 42: RB1 = 0;
   439  0063  1283               	bcf	status, 5	;RP0=0, select bank0
   440  0064  1303               	bcf	status, 6	;RP1=0, select bank0
   441  0065  1086               	bcf	(49/8),(49)&7
   442                           	line	43
   443                           ;write.c: 43: _delay((unsigned long)((200)*(4000000/4000.0)));
   444                           	opt asmopt_off
   445  0066  3002               movlw  2
   446  0067  00F8               movwf	((??_main+0)+0+2),f
   447  0068  3003               movlw	3
   448  0069  00F7               movwf	((??_main+0)+0+1),f
   449  006A  30BA               	movlw	186
   450  006B  00F6               movwf	((??_main+0)+0),f
   451  006C                     u2207:
   452  006C  0BF6               	decfsz	((??_main+0)+0),f
   453  006D  286C               	goto	u2207
   454  006E  0BF7               	decfsz	((??_main+0)+0+1),f
   455  006F  286C               	goto	u2207
   456  0070  0BF8               	decfsz	((??_main+0)+0+2),f
   457  0071  286C               	goto	u2207
   458                           opt asmopt_on
   459                           
   460                           	line	44
   461                           	
   462  0072                     l568:	
   463                           	line	36
   464  0072  087A               	movf	(_eeprom_done),w
   465  0073  1D03               	skipz
   466  0074  2876               	goto	u2160
   467  0075  2854               	goto	l569
   468  0076                     u2160:
   469  0076  2877               	goto	l571
   470                           	
   471  0077                     l570:	
   472                           	line	45
   473                           	
   474  0077                     l571:	
   475                           	global	start
   476  0077  120A  118A  2812   	ljmp	start
   477                           	opt stack 0
   478                           GLOBAL	__end_of_main
   479  007A                     	__end_of_main:
   480 ;; =============== function _main ends ============
   481                           
   482                           	signat	_main,90
   483                           	global	_write_to_eeprom
   484                           psect	text85,local,class=CODE,delta=2
   485                           global __ptext85
   486  0093                     __ptext85:
   487                           
   488 ;; *************** function _write_to_eeprom *****************
   489 ;; Defined at:
   490 ;;		line 48 in file "C:\keerthu\Pic16f877a_Revision\EEPROMCodes\write.c"
   491 ;; Parameters:    Size  Location     Type
   492 ;;  address         1    wreg     unsigned char 
   493 ;;  data            1    4[COMMON] unsigned char 
   494 ;; Auto vars:     Size  Location     Type
   495 ;;  address         1    5[COMMON] unsigned char 
   496 ;; Return value:  Size  Location     Type
   497 ;;		None               void
   498 ;; Registers used:
   499 ;;		wreg
   500 ;; Tracked objects:
   501 ;;		On entry : 0/0
   502 ;;		On exit  : 0/0
   503 ;;		Unchanged: 0/0
   504 ;; Data sizes:     COMMON   BANK0   BANK1   BANK3   BANK2
   505 ;;      Params:         1       0       0       0       0
   506 ;;      Locals:         1       0       0       0       0
   507 ;;      Temps:          0       0       0       0       0
   508 ;;      Totals:         2       0       0       0       0
   509 ;;Total ram usage:        2 bytes
   510 ;; Hardware stack levels used:    1
   511 ;; Hardware stack levels required when called:    1
   512 ;; This function calls:
   513 ;;		Nothing
   514 ;; This function is called by:
   515 ;;		_main
   516 ;; This function uses a non-reentrant model
   517 ;;
   518                           psect	text85
   519                           	file	"C:\keerthu\Pic16f877a_Revision\EEPROMCodes\write.c"
   520                           	line	48
   521                           	global	__size_of_write_to_eeprom
   522  0018                     	__size_of_write_to_eeprom	equ	__end_of_write_to_eeprom-_write_to_eeprom
   523                           	
   524  0093                     _write_to_eeprom:	
   525                           	opt	stack 6
   526                           ; Regs used in _write_to_eeprom: [wreg]
   527                           ;write_to_eeprom@address stored from wreg
   528                           	line	50
   529  0093  00F5               	movwf	(write_to_eeprom@address)
   530                           	
   531  0094                     l958:	
   532                           ;write.c: 50: EEADR = address;
   533  0094  0875               	movf	(write_to_eeprom@address),w
   534  0095  1283               	bcf	status, 5	;RP0=0, select bank2
   535  0096  1703               	bsf	status, 6	;RP1=1, select bank2
   536  0097  008D               	movwf	(269)^0100h	;volatile
   537                           	line	51
   538                           ;write.c: 51: EEDATA = data;
   539  0098  0874               	movf	(write_to_eeprom@data),w
   540  0099  008C               	movwf	(268)^0100h	;volatile
   541                           	line	52
   542                           	
   543  009A                     l960:	
   544                           ;write.c: 52: EEPGD = 0;
   545  009A  1683               	bsf	status, 5	;RP0=1, select bank3
   546  009B  1703               	bsf	status, 6	;RP1=1, select bank3
   547  009C  138C               	bcf	(3175/8)^0180h,(3175)&7
   548                           	line	53
   549                           	
   550  009D                     l962:	
   551                           ;write.c: 53: WREN = 1;
   552  009D  150C               	bsf	(3170/8)^0180h,(3170)&7
   553                           	line	54
   554                           	
   555  009E                     l964:	
   556                           ;write.c: 54: GIE = 1;
   557  009E  178B               	bsf	(95/8),(95)&7
   558                           	line	55
   559                           	
   560  009F                     l966:	
   561                           ;write.c: 55: PEIE = 1;
   562  009F  170B               	bsf	(94/8),(94)&7
   563                           	line	56
   564                           	
   565  00A0                     l968:	
   566                           ;write.c: 56: EEIE = 1;
   567  00A0  1683               	bsf	status, 5	;RP0=1, select bank1
   568  00A1  1303               	bcf	status, 6	;RP1=0, select bank1
   569  00A2  160D               	bsf	(1132/8)^080h,(1132)&7
   570                           	line	57
   571                           ;write.c: 57: EECON2 = 0x55;
   572  00A3  3055               	movlw	(055h)
   573  00A4  1683               	bsf	status, 5	;RP0=1, select bank3
   574  00A5  1703               	bsf	status, 6	;RP1=1, select bank3
   575  00A6  008D               	movwf	(397)^0180h	;volatile
   576                           	line	58
   577                           ;write.c: 58: EECON2 = 0xAA;
   578  00A7  30AA               	movlw	(0AAh)
   579  00A8  008D               	movwf	(397)^0180h	;volatile
   580                           	line	59
   581                           	
   582  00A9                     l970:	
   583                           ;write.c: 59: WR = 1;
   584  00A9  148C               	bsf	(3169/8)^0180h,(3169)&7
   585                           	line	61
   586                           	
   587  00AA                     l574:	
   588  00AA  0008               	return
   589                           	opt stack 0
   590                           GLOBAL	__end_of_write_to_eeprom
   591  00AB                     	__end_of_write_to_eeprom:
   592 ;; =============== function _write_to_eeprom ends ============
   593                           
   594                           	signat	_write_to_eeprom,8312
   595                           	global	_EEPROM_Read
   596                           psect	text86,local,class=CODE,delta=2
   597                           global __ptext86
   598  00AB                     __ptext86:
   599                           
   600 ;; *************** function _EEPROM_Read *****************
   601 ;; Defined at:
   602 ;;		line 64 in file "C:\keerthu\Pic16f877a_Revision\EEPROMCodes\write.c"
   603 ;; Parameters:    Size  Location     Type
   604 ;;  address         1    wreg     unsigned char 
   605 ;; Auto vars:     Size  Location     Type
   606 ;;  address         1    4[COMMON] unsigned char 
   607 ;; Return value:  Size  Location     Type
   608 ;;                  1    wreg      unsigned char 
   609 ;; Registers used:
   610 ;;		wreg
   611 ;; Tracked objects:
   612 ;;		On entry : 0/0
   613 ;;		On exit  : 0/0
   614 ;;		Unchanged: 0/0
   615 ;; Data sizes:     COMMON   BANK0   BANK1   BANK3   BANK2
   616 ;;      Params:         0       0       0       0       0
   617 ;;      Locals:         1       0       0       0       0
   618 ;;      Temps:          0       0       0       0       0
   619 ;;      Totals:         1       0       0       0       0
   620 ;;Total ram usage:        1 bytes
   621 ;; Hardware stack levels used:    1
   622 ;; Hardware stack levels required when called:    1
   623 ;; This function calls:
   624 ;;		Nothing
   625 ;; This function is called by:
   626 ;;		_main
   627 ;; This function uses a non-reentrant model
   628 ;;
   629                           psect	text86
   630                           	file	"C:\keerthu\Pic16f877a_Revision\EEPROMCodes\write.c"
   631                           	line	64
   632                           	global	__size_of_EEPROM_Read
   633  000E                     	__size_of_EEPROM_Read	equ	__end_of_EEPROM_Read-_EEPROM_Read
   634                           	
   635  00AB                     _EEPROM_Read:	
   636                           	opt	stack 6
   637                           ; Regs used in _EEPROM_Read: [wreg]
   638                           ;EEPROM_Read@address stored from wreg
   639  00AB  00F4               	movwf	(EEPROM_Read@address)
   640                           	line	65
   641                           	
   642  00AC                     l950:	
   643                           ;write.c: 65: EEADR = address;
   644  00AC  0874               	movf	(EEPROM_Read@address),w
   645  00AD  1283               	bcf	status, 5	;RP0=0, select bank2
   646  00AE  1703               	bsf	status, 6	;RP1=1, select bank2
   647  00AF  008D               	movwf	(269)^0100h	;volatile
   648                           	line	66
   649                           	
   650  00B0                     l952:	
   651                           ;write.c: 66: EEPGD = 0;
   652  00B0  1683               	bsf	status, 5	;RP0=1, select bank3
   653  00B1  1703               	bsf	status, 6	;RP1=1, select bank3
   654  00B2  138C               	bcf	(3175/8)^0180h,(3175)&7
   655                           	line	69
   656                           	
   657  00B3                     l954:	
   658                           ;write.c: 69: RD = 1;
   659  00B3  140C               	bsf	(3168/8)^0180h,(3168)&7
   660                           	line	70
   661                           ;write.c: 70: return EEDATA;
   662  00B4  1283               	bcf	status, 5	;RP0=0, select bank2
   663  00B5  1703               	bsf	status, 6	;RP1=1, select bank2
   664  00B6  080C               	movf	(268)^0100h,w	;volatile
   665  00B7  28B8               	goto	l577
   666                           	
   667  00B8                     l956:	
   668                           	line	71
   669                           	
   670  00B8                     l577:	
   671  00B8  0008               	return
   672                           	opt stack 0
   673                           GLOBAL	__end_of_EEPROM_Read
   674  00B9                     	__end_of_EEPROM_Read:
   675 ;; =============== function _EEPROM_Read ends ============
   676                           
   677                           	signat	_EEPROM_Read,4217
   678                           	global	_ISR
   679                           psect	text87,local,class=CODE,delta=2
   680                           global __ptext87
   681  007A                     __ptext87:
   682                           
   683 ;; *************** function _ISR *****************
   684 ;; Defined at:
   685 ;;		line 75 in file "C:\keerthu\Pic16f877a_Revision\EEPROMCodes\write.c"
   686 ;; Parameters:    Size  Location     Type
   687 ;;		None
   688 ;; Auto vars:     Size  Location     Type
   689 ;;		None
   690 ;; Return value:  Size  Location     Type
   691 ;;		None               void
   692 ;; Registers used:
   693 ;;		status,2, status,0
   694 ;; Tracked objects:
   695 ;;		On entry : 0/0
   696 ;;		On exit  : 0/0
   697 ;;		Unchanged: 0/0
   698 ;; Data sizes:     COMMON   BANK0   BANK1   BANK3   BANK2
   699 ;;      Params:         0       0       0       0       0
   700 ;;      Locals:         0       0       0       0       0
   701 ;;      Temps:          4       0       0       0       0
   702 ;;      Totals:         4       0       0       0       0
   703 ;;Total ram usage:        4 bytes
   704 ;; Hardware stack levels used:    1
   705 ;; This function calls:
   706 ;;		Nothing
   707 ;; This function is called by:
   708 ;;		Interrupt level 1
   709 ;; This function uses a non-reentrant model
   710 ;;
   711                           psect	text87
   712                           	file	"C:\keerthu\Pic16f877a_Revision\EEPROMCodes\write.c"
   713                           	line	75
   714                           	global	__size_of_ISR
   715  0019                     	__size_of_ISR	equ	__end_of_ISR-_ISR
   716                           	
   717  007A                     _ISR:	
   718                           	opt	stack 6
   719                           ; Regs used in _ISR: [status]
   720                           psect	intentry,class=CODE,delta=2
   721                           global __pintentry
   722  0004                     __pintentry:
   723                           global interrupt_function
   724  0004                     interrupt_function:
   725                           	global saved_w
   726  007E                     	saved_w	set	btemp+0
   727  0004  00FE               	movwf	saved_w
   728  0005  0803               	movf	status,w
   729  0006  00F0               	movwf	(??_ISR+0)
   730  0007  0804               	movf	fsr0,w
   731  0008  00F1               	movwf	(??_ISR+1)
   732  0009  080A               	movf	pclath,w
   733  000A  00F2               	movwf	(??_ISR+2)
   734  000B  1283               	bcf	status, 5	;RP0=0, select bank0
   735  000C  1303               	bcf	status, 6	;RP1=0, select bank0
   736  000D  087F               	movf	btemp+1,w
   737  000E  00F3               	movwf	(??_ISR+3)
   738  000F  120A  118A  287A   	ljmp	_ISR
   739                           psect	text87
   740                           	line	76
   741                           	
   742  007A                     i1l972:	
   743                           ;write.c: 76: if(EEIF)
   744  007A  1E0D               	btfss	(108/8),(108)&7
   745  007B  287D               	goto	u1_21
   746  007C  287E               	goto	u1_20
   747  007D                     u1_21:
   748  007D  2886               	goto	i1l581
   749  007E                     u1_20:
   750                           	line	78
   751                           	
   752  007E                     i1l974:	
   753                           ;write.c: 77: {
   754                           ;write.c: 78: EEIF = 0;
   755  007E  120D               	bcf	(108/8),(108)&7
   756                           	line	79
   757                           ;write.c: 79: WREN = 0;
   758  007F  1683               	bsf	status, 5	;RP0=1, select bank3
   759  0080  1703               	bsf	status, 6	;RP1=1, select bank3
   760  0081  110C               	bcf	(3170/8)^0180h,(3170)&7
   761                           	line	80
   762                           	
   763  0082                     i1l976:	
   764                           ;write.c: 80: eeprom_done = 1;
   765  0082  01FA               	clrf	(_eeprom_done)
   766  0083  1403               	bsf	status,0
   767  0084  0DFA               	rlf	(_eeprom_done),f
   768  0085  2886               	goto	i1l581
   769                           	line	81
   770                           	
   771  0086                     i1l580:	
   772                           	line	82
   773                           	
   774  0086                     i1l581:	
   775  0086  0873               	movf	(??_ISR+3),w
   776  0087  1283               	bcf	status, 5	;RP0=0, select bank0
   777  0088  1303               	bcf	status, 6	;RP1=0, select bank0
   778  0089  00FF               	movwf	btemp+1
   779  008A  0872               	movf	(??_ISR+2),w
   780  008B  008A               	movwf	pclath
   781  008C  0871               	movf	(??_ISR+1),w
   782  008D  0084               	movwf	fsr0
   783  008E  0870               	movf	(??_ISR+0),w
   784  008F  0083               	movwf	status
   785  0090  0EFE               	swapf	saved_w,f
   786  0091  0E7E               	swapf	saved_w,w
   787  0092  0009               	retfie
   788                           	opt stack 0
   789                           GLOBAL	__end_of_ISR
   790  0093                     	__end_of_ISR:
   791 ;; =============== function _ISR ends ============
   792                           
   793                           	signat	_ISR,88
   794                           psect	text88,local,class=CODE,delta=2
   795                           global __ptext88
   796  0000                     __ptext88:
   797                           	global	btemp
   798  007E                     	btemp set 07Eh
   799                           
   800                           	DABS	1,126,2	;btemp
   801                           	global	wtemp0
   802  007E                     	wtemp0 set btemp


HI-TECH Software PICC Macro Assembler V9.80 build 6738 
Symbol Table                                                                                   Wed Dec 17 17:58:52 2025

                      _RD 0C60                        _WR 0C61                       l570 0077  
                     l571 0077                       l574 00AA                       l567 0049  
                     l568 0072                       l577 00B8                       l569 0054  
                     l950 00AC                       l952 00B0                       l960 009A  
                     l954 00B3                       l970 00A9                       l962 009D  
                     l956 00B8                       l964 009E                       l966 009F  
                     l958 0094                       l968 00A0                       _GIE 005F  
                     _RB0 0030                       _RB1 0031                       _ISR 007A  
                     fsr0 0004                      ?_ISR 0070                      l1770 002A  
                    l1780 0063                      l1772 002D                      l1764 0015  
                    l1774 0039                      l1766 001B                      l1776 0049  
                    l1768 0024                      l1778 0057                      _EEIE 046C  
                    _EEIF 006C                      u2150 002A                      u2207 006C  
                    u2151 0029                      u2160 0076                      u2177 0033  
                    u2187 0042                      u2197 005D                      _PEIE 005E  
                    _WREN 0C62                      u1_20 007E                      u1_21 007D  
                    _main 0015                      btemp 007E                      start 0012  
                   ??_ISR 0070                     ?_main 0070                     _EEADR 010D  
                   _EEPGD 0C67                     i1l580 0086                     i1l581 0086  
                   i1l972 007A                     i1l974 007E                     i1l976 0082  
                   _PORTB 0006                     _TRISB 0086                     pclath 000A  
                   status 0003                     wtemp0 007E      __size_of_EEPROM_Read 000E  
            __end_of_main 007A                    ??_main 0076                    _EEDATA 010C  
                  _EECON2 018D  __size_of_write_to_eeprom 0018                    saved_w 007E  
          __pcstackCOMMON 0070                __pmaintext 0015                __pintentry 0004  
       ??_write_to_eeprom 0075              __size_of_ISR 0019      end_of_initialization 00BA  
           ??_EEPROM_Read 0074    write_to_eeprom@address 0075       __end_of_EEPROM_Read 00B9  
     start_initialization 00B9               __end_of_ISR 0093           _write_to_eeprom 0093  
             __pbssCOMMON 007A               _EEPROM_Read 00AB         interrupt_function 0004  
             _eeprom_done 007A   __end_of_write_to_eeprom 00AB                 main@value 0079  
                __ptext84 0000                  __ptext85 0093                  __ptext86 00AB  
                __ptext87 007A                  __ptext88 0000             __size_of_main 0065  
        ?_write_to_eeprom 0074                  intlevel1 0000              ?_EEPROM_Read 0070  
      EEPROM_Read@address 0074       write_to_eeprom@data 0074  
